# Test the parser on a graph that contains several nodes
# on a small Graph file *.tsv

loaded graph heroes
