# Load the Marvel dataset and search for an existing path.
# To run this test, you will need to have downloaded the marvel dataset and
# place it in src/hw7/data/marvel.tsv.

loaded graph marvel

unknown character Batman Superman
